
> clinlab-native@1.0.0 build
> vite build

[36mvite v7.3.2 [32mbuilding client environment for production...[36m[39m
node.exe : (node:14772) [MODULE_TYPELESS_PACKAGE_JSON] Warning: Module type of 
file:///C:/clinlab-ai-assist/postcss.config.js?t=1777872165582 is not specified and it doesn't parse as CommonJS.
At C:\Program Files\nodejs\npm.ps1:29 char:3
+   & $NODE_EXE $NPM_CLI_JS $args
+   ~~~~~~~~~~~~~~~~~~~~~~~~~~~~~
    + CategoryInfo          : NotSpecified: ((node:14772) [M...se as CommonJS.:String) [], RemoteException
    + FullyQualifiedErrorId : NativeCommandError
 
Reparsing as ES module because module syntax was detected. This incurs a performance overhead.
To eliminate this warning, add "type": "module" to C:\clinlab-ai-assist\package.json.
(Use `node --trace-warnings ...` to show where the warning was created)
transforming...
[32mΓ£ô[39m 5 modules transformed.
[31mΓ£ù[39m Build failed in 1.14s
[31merror during build:
[31m[vite-plugin-pwa:build] [plugin vite-plugin-pwa:build] src/index.css: There was an error during the build:
  Failed to load PostCSS config (searchPath: C:/clinlab-ai-assist): [Error] Loading PostCSS Plugin failed: Cannot find 
module 'autoprefixer'
Require stack:
- C:\clinlab-ai-assist\postcss.config.js

(@C:\clinlab-ai-assist\postcss.config.js)
Error: Loading PostCSS Plugin failed: Cannot find module 'autoprefixer'
Require stack:
- C:\clinlab-ai-assist\postcss.config.js

(@C:\clinlab-ai-assist\postcss.config.js)
    at load (file:///C:/clinlab-ai-assist/node_modules/vite/dist/node/chunks/config.js:7660:10)
    at async Promise.all (index 1)
    at async plugins (file:///C:/clinlab-ai-assist/node_modules/vite/dist/node/chunks/config.js:7682:11)
    at async processResult (file:///C:/clinlab-ai-assist/node_modules/vite/dist/node/chunks/config.js:7721:13)
Additionally, handling the error in the 'buildEnd' hook caused the following error:
  Failed to load PostCSS config (searchPath: C:/clinlab-ai-assist): [Error] Loading PostCSS Plugin failed: Cannot find 
module 'autoprefixer'
Require stack:
- C:\clinlab-ai-assist\postcss.config.js

(@C:\clinlab-ai-assist\postcss.config.js)
Error: Loading PostCSS Plugin failed: Cannot find module 'autoprefixer'
Require stack:
- C:\clinlab-ai-assist\postcss.config.js

(@C:\clinlab-ai-assist\postcss.config.js)
    at load (file:///C:/clinlab-ai-assist/node_modules/vite/dist/node/chunks/config.js:7660:10)
    at async Promise.all (index 1)
    at async plugins (file:///C:/clinlab-ai-assist/node_modules/vite/dist/node/chunks/config.js:7682:11)
    at async processResult (file:///C:/clinlab-ai-assist/node_modules/vite/dist/node/chunks/config.js:7721:13)[31m
file: [36mC:/clinlab-ai-assist/src/index.css[31m
    at getRollupError (file:///C:/clinlab-ai-assist/node_modules/rollup/dist/es/shared/parseAst.js:406:41)
    at file:///C:/clinlab-ai-assist/node_modules/rollup/dist/es/shared/node-entry.js:23877:39
    at async catchUnfinishedHookActions 
(file:///C:/clinlab-ai-assist/node_modules/rollup/dist/es/shared/node-entry.js:23335:16)
    at async rollupInternal (file:///C:/clinlab-ai-assist/node_modules/rollup/dist/es/shared/node-entry.js:23860:5)
    at async buildEnvironment (file:///C:/clinlab-ai-assist/node_modules/vite/dist/node/chunks/config.js:33545:12)
    at async Object.build (file:///C:/clinlab-ai-assist/node_modules/vite/dist/node/chunks/config.js:33904:19)
    at async Object.buildApp (file:///C:/clinlab-ai-assist/node_modules/vite/dist/node/chunks/config.js:33901:153)
    at async CAC.<anonymous> (file:///C:/clinlab-ai-assist/node_modules/vite/dist/node/cli.js:629:3)[39m
